error: expected a value for this attribute: `return_description = ...` and it must be a string literal
 --> tests/unhappy/expected_return_description_value.test.rs:8:19
  |
8 |     #[wasm_export(return_description)]
  |                   ^^^^^^^^^^^^^^^^^^
